[1/73] boss/[daiouzyou]_hibati_2_2_r.xml: reflex (1 s)
[2/73] boss/[daiouzyou]_r1_boss_1.xml: reflex (1 s)
[3/73] boss/[daiouzyou]_hibati_2_2_b.xml: reflex (1 s)
[4/73] boss/[daiouzyou]_r1_boss_l.xml: reflex (0 s)
[5/73] boss/[Guwange]_round_2_boss_circle_fire.xml: reflex (0 s)
[6/73] boss/[Guwange]_round_3_boss_fast_3way.xml: reflex (0 s)
[7/73] boss/[daiouzyou]_r1_boss_4.xml: H2 (2 s)
[8/73] boss/[Ikaruga]_r1_mdl.xml: reflex (0 s)
[9/73] boss/[ketsui]_r2_boss_rkt.xml: reflex (1 s)
[10/73] boss/[Ikaruga]_drc2.xml: H2 (2 s)
[11/73] boss/[ketsui]_r3_boss_fastspread.xml: reflex (0 s)
[12/73] boss/[ketsui]_r4_boss_rb_rockets.xml: reflex (0 s)
[13/73] boss/[Guwange]_round_4_boss_eye_ball.xml: H2 (4 s)
[14/73] boss/[daiouzyou]_r1_boss_5.xml: H2 (5 s)
[15/73] boss/[Progear]_round_1_boss_grow_bullets.xml: H2 (7 s)
[16/73] boss/[Progear]_round_3_boss_back_burst.xml: reflex (1 s)
[17/73] boss/[ketsui]_r5_accel_aim_13way.xml: H2 (10 s)
[18/73] boss/[Progear]_round_3_boss_wave_bullets.xml: reflex (1 s)
[19/73] boss/[Progear]_round_5_middle_boss_rockets.xml: reflex (0 s)
[20/73] boss/[Psyvariar]_X-A_boss_opening.xml: reflex (0 s)
[21/73] boss/57way.xml: reflex (1 s)
[22/73] boss/[Progear]_round_2_boss_struggling.xml: H2 (9 s)
[23/73] boss/beewinder.xml: reflex (0 s)
[24/73] boss/88way.xml: reflex (1 s)
[25/73] boss/[Progear]_round_5_boss_last_round_wave.xml: H2 (2 s)
[26/73] boss/forward_3way.xml: reflex (0 s)
[27/73] boss/roll3pos.xml: reflex (0 s)
[28/73] boss/bit.xml: reflex (1 s)
[29/73] boss/rollbar.xml: reflex (1 s)
[30/73] middle/[daiouzyou]_r1_boss_2.xml: reflex (0 s)
[31/73] middle/[daiouzyou]_r1_boss_3.xml: reflex (0 s)
[32/73] middle/[Ikaruga]_r3_mdl_3.xml: reflex (0 s)
[33/73] middle/[Ikaruga]_rf_l.xml: reflex (0 s)
[34/73] middle/[ketsui]_r2_5way_round.xml: reflex (0 s)
[35/73] middle/[ketsui]_r4_boss_last_red_aim.xml: reflex (0 s)
[36/73] middle/1tonway.xml: reflex (0 s)
[37/73] middle/22way.xml: reflex (0 s)
[38/73] middle/23accel.xml: reflex (0 s)
[39/73] middle/2round.xml: reflex (0 s)
[40/73] middle/4waccel.xml: reflex (0 s)
[41/73] middle/4way.xml: reflex (0 s)
[42/73] middle/accel16way.xml: reflex (0 s)
[43/73] middle/grow.xml: reflex (0 s)
[44/73] middle/growround.xml: reflex (0 s)
[45/73] middle/mnway.xml: reflex (0 s)
[46/73] middle/nwroll.xml: reflex (0 s)
[47/73] middle/shotgun.xml: reflex (0 s)
[48/73] middle/spread_bf.xml: reflex (0 s)
[49/73] middle/spread2blt.xml: reflex (0 s)
[50/73] middle/spreadnn.xml: reflex (0 s)
[51/73] middle/vrtlas.xml: reflex (0 s)
[52/73] boss/side_cracker.xml: H2 (6 s)
[53/73] middle/xfire.xml: reflex (0 s)
[54/73] zako/[Ikaruga]_r5_vrp.xml: reflex (0 s)
[55/73] zako/[ketsui]_r1_boss_bit.xml: reflex (0 s)
[56/73] zako/248shot.xml: reflex (0 s)
[57/73] zako/3waychase.xml: reflex (0 s)
[58/73] zako/6gt.xml: reflex (0 s)
[59/73] zako/accel.xml: reflex (0 s)
[60/73] zako/accum.xml: reflex (0 s)
[61/73] zako/bee.xml: reflex (0 s)
[62/73] zako/bar.xml: reflex (0 s)
[63/73] zako/bit_move.xml: reflex (0 s)
[64/73] zako/nway.xml: reflex (0 s)
[65/73] zako/rndway.xml: reflex (0 s)
[66/73] zako/slowdown.xml: reflex (0 s)
[67/73] zako/spread.xml: reflex (0 s)
[68/73] zako/thrust.xml: reflex (0 s)
[69/73] zako/stay.xml: reflex (0 s)
[70/73] zako/twin_extend.xml: reflex (0 s)
[71/73] zako/twin.xml: reflex (0 s)
[72/73] boss/[ketsui]_r5_middle_slow_spread.xml: H2 (26 s)
[73/73] boss/double_roll_seeds.xml: H2 (38 s)

wrote results/noiz2sa.json and results/noiz2sa.md
reflex: 62, H2: 11

real	0m53.983s
user	2m25.892s
sys	0m7.895s
